{
    "Should run without failures": {
        "content": [
            {
                "0": [
                    "sample_annotation.tsv:md5,32c2c6d0506bcb20352c9e0f51c0156a"
                ],
                "1": [
                    "versions.yml:md5,227e9362da86462eda9b33c1cdb712fc"
                ],
                "drop_annot": [
                    "sample_annotation.tsv:md5,32c2c6d0506bcb20352c9e0f51c0156a"
                ],
                "versions": [
                    "versions.yml:md5,227e9362da86462eda9b33c1cdb712fc"
                ]
            }
        ],
        "meta": {
            "nf-test": "0.9.2",
            "nextflow": "25.04.5"
        },
        "timestamp": "2025-09-10T14:57:13.570018117"
    }
}