{
    "Should run without failures": {
        "content": [
            [
                [
                    "GRCh37.primary_assembly.genome.fa:md5,d41d8cd98f00b204e9800998ecf8427e"
                ]
            ],
            [
                [
                    [
                        
                    ]
                ]
            ],
            [
                [
                    "vep_plugin_files.csv:md5,d41d8cd98f00b204e9800998ecf8427e"
                ]
            ],
            "qc_vcf_1000G_hg19.vcf.gz",
            "qc_vcf_1000G_hg19.vcf.gz.tbi",
            [
                "versions.yml:md5,5ad99e0b232f053012067e832e6e1e92",
                "versions.yml:md5,72932bc4909327e47ed71956c9e1647b",
                "versions.yml:md5,c620cc71650399ca7595d5e2348c9e44",
                "versions.yml:md5,c8e288955620652841c4379a9a7db706",
                "versions.yml:md5,c8e288955620652841c4379a9a7db706",
                "versions.yml:md5,c8e288955620652841c4379a9a7db706",
                "versions.yml:md5,ee8fecbddd61cf08aba129404527152c"
            ]
        ],
        "meta": {
            "nf-test": "0.9.2",
            "nextflow": "25.04.5"
        },
        "timestamp": "2025-09-11T12:18:35.573493974"
    }
}