{
    "Should run without failures": {
        "content": [
            {
                "0": [
                    
                ],
                "1": [
                    
                ],
                "2": [
                    [
                        
                    ]
                ],
                "3": [
                    "vep_plugin_files.csv:md5,d41d8cd98f00b204e9800998ecf8427e"
                ],
                "4": [
                    "versions.yml:md5,7e36dbe96e8aafd3ba9bf1bd0e787a09",
                    "versions.yml:md5,7e36dbe96e8aafd3ba9bf1bd0e787a09",
                    "versions.yml:md5,7e36dbe96e8aafd3ba9bf1bd0e787a09",
                    "versions.yml:md5,e8e8c4e637cdc23a54d8fb5e8958c4bd"
                ],
                "fasta": [
                    
                ],
                "gtf": [
                    
                ],
                "vep_cache": [
                    [
                        
                    ]
                ],
                "vep_plugin": [
                    "vep_plugin_files.csv:md5,d41d8cd98f00b204e9800998ecf8427e"
                ],
                "versions": [
                    "versions.yml:md5,7e36dbe96e8aafd3ba9bf1bd0e787a09",
                    "versions.yml:md5,7e36dbe96e8aafd3ba9bf1bd0e787a09",
                    "versions.yml:md5,7e36dbe96e8aafd3ba9bf1bd0e787a09",
                    "versions.yml:md5,e8e8c4e637cdc23a54d8fb5e8958c4bd"
                ]
            }
        ],
        "meta": {
            "nf-test": "0.9.2",
            "nextflow": "24.10.5"
        },
        "timestamp": "2025-04-14T12:02:19.39737"
    }
}