{
    "Trio": {
        "content": [
            {
                "0": [
                    "finequagga.ped:md5,bd5029b95f86b7e64aacb9b744285207"
                ],
                "1": [
                    "versions.yml:md5,7b861aa9c6736cf73ca9f7f18c3521de"
                ],
                "ped": [
                    "finequagga.ped:md5,bd5029b95f86b7e64aacb9b744285207"
                ],
                "versions": [
                    "versions.yml:md5,7b861aa9c6736cf73ca9f7f18c3521de"
                ]
            }
        ],
        "meta": {
            "nf-test": "0.9.2",
            "nextflow": "24.10.5"
        },
        "timestamp": "2025-04-15T12:01:08.110576"
    },
    "No parents or sex": {
        "content": [
            {
                "0": [
                    "finequagga.ped:md5,d67d056eb3732340d84a8957865ef1ca"
                ],
                "1": [
                    "versions.yml:md5,7b861aa9c6736cf73ca9f7f18c3521de"
                ],
                "ped": [
                    "finequagga.ped:md5,d67d056eb3732340d84a8957865ef1ca"
                ],
                "versions": [
                    "versions.yml:md5,7b861aa9c6736cf73ca9f7f18c3521de"
                ]
            }
        ],
        "meta": {
            "nf-test": "0.9.2",
            "nextflow": "24.10.5"
        },
        "timestamp": "2025-04-15T12:03:23.02631"
    },
    "Single sample": {
        "content": [
            {
                "0": [
                    "finequagga.ped:md5,c80b46d891408d585e79b1b8389f50fc"
                ],
                "1": [
                    "versions.yml:md5,7b861aa9c6736cf73ca9f7f18c3521de"
                ],
                "ped": [
                    "finequagga.ped:md5,c80b46d891408d585e79b1b8389f50fc"
                ],
                "versions": [
                    "versions.yml:md5,7b861aa9c6736cf73ca9f7f18c3521de"
                ]
            }
        ],
        "meta": {
            "nf-test": "0.9.2",
            "nextflow": "24.10.5"
        },
        "timestamp": "2025-04-15T12:01:16.408464"
    }
}