{
    "Should run with two samples": {
        "content": [
            [
                "VcfFile [chromosomes=[chr21], sampleCount=2, variantCount=805, phased=false, phasedAutodetect=false]"
            ],
            [
                [
                    "chr21\t9656524\t.\tA\tG\t7.30814\t.\tVDB=0.18;SGB=-0.453602;MQ0F=0;MQ=20;FOUND_IN=bcftools;DP=6;DP4=0,0,4,0;AN=4;AC=4\tGT:PL\t1/1:36,6,0\t1/1:36,6,0",
                    "chr21\t9656547\t.\tG\tA\t7.30814\t.\tVDB=0.22;SGB=-0.453602;MQ0F=0;MQ=20;FOUND_IN=bcftools;DP=8;DP4=0,0,4,0;AN=4;AC=4\tGT:PL\t1/1:36,6,0\t1/1:36,6,0"
                ]
            ],
            "finequagga_split_rmdup.vcf.gz.tbi",
            [
                "versions.yml:md5,03409a4813868edf53a087d36bad926d",
                "versions.yml:md5,18e566dd95659514efef90bdebc5f255",
                "versions.yml:md5,4260f81272bc7976004cb71c220ac7c4",
                "versions.yml:md5,58703c201a665a0c1ffa390bed39ffb7",
                "versions.yml:md5,9820df92df8bab4d4edace8f22304025",
                "versions.yml:md5,a265f17fbd2eeb9eda1f4e876bc1ebcc",
                "versions.yml:md5,ba0f18a14d11975cd9948c3e45020159",
                "versions.yml:md5,f375509729cb99d7a6f8073446f84f00",
                "versions.yml:md5,fbd1d763582bd3c53ed1c0e81d00c1b9"
            ]
        ],
        "meta": {
            "nf-test": "0.9.2",
            "nextflow": "25.04.5"
        },
        "timestamp": "2025-09-19T11:09:27.570770888"
    },
    "Should run without failures": {
        "content": [
            [
                "VcfFile [chromosomes=[chr21], sampleCount=1, variantCount=805, phased=false, phasedAutodetect=false]"
            ],
            [
                [
                    "chr21\t9656524\t.\tA\tG\t7.30814\t.\tDP=3;VDB=0.18;SGB=-0.453602;MQ0F=0;AC=2;AN=2;DP4=0,0,2,0;MQ=20;FOUND_IN=bcftools\tGT:PL\t1/1:36,6,0",
                    "chr21\t9656547\t.\tG\tA\t7.30814\t.\tDP=4;VDB=0.22;SGB=-0.453602;MQ0F=0;AC=2;AN=2;DP4=0,0,2,0;MQ=20;FOUND_IN=bcftools\tGT:PL\t1/1:36,6,0"
                ]
            ],
            "finequagga_split_rmdup.vcf.gz.tbi",
            [
                "versions.yml:md5,00ddd8c72d45720f971db98815fbfc0e",
                "versions.yml:md5,03409a4813868edf53a087d36bad926d",
                "versions.yml:md5,18e566dd95659514efef90bdebc5f255",
                "versions.yml:md5,4260f81272bc7976004cb71c220ac7c4",
                "versions.yml:md5,58703c201a665a0c1ffa390bed39ffb7",
                "versions.yml:md5,a265f17fbd2eeb9eda1f4e876bc1ebcc",
                "versions.yml:md5,ba0f18a14d11975cd9948c3e45020159",
                "versions.yml:md5,f375509729cb99d7a6f8073446f84f00",
                "versions.yml:md5,fbd1d763582bd3c53ed1c0e81d00c1b9"
            ]
        ],
        "meta": {
            "nf-test": "0.9.2",
            "nextflow": "25.04.5"
        },
        "timestamp": "2025-09-19T11:08:52.808786305"
    }
}