{
    "test profile": {
        "content": [
            0,
            {
                "Workflow": {
                    "genomic-medicine-sweden/tomte": "v3.0.0"
                }
            },
            [
                "pipeline_info",
                "pipeline_info/tomte_pipeline_software_mqc_versions.yml"
            ],
            [
                
            ],
            [
                
            ],
            [
                
            ]
        ],
        "meta": {
            "nf-test": "0.9.2",
            "nextflow": "24.10.5"
        },
        "timestamp": "2025-03-24T11:43:44.347022"
    }
}