{
    "test profile": {
        "content": [
            84,
            {
                "ADD_FOUND_IN_TAG": {
                    "bcftools": 1.2,
                    "busybox-awk": "1.36.1"
                },
                "BCFTOOLS_MERGE": {
                    "bcftools": 1.2
                },
                "BCFTOOLS_MPILEUP": {
                    "bcftools": 1.2
                },
                "BCFTOOLS_NORM": {
                    "bcftools": 1.2
                },
                "BCFTOOLS_VIEW": {
                    "bcftools": 1.2
                },
                "BEDTOINTERVALLIST": {
                    "gatk4": "4.5.0.0"
                },
                "BOOTSTRAPANN": {
                    "python": "3.9.10"
                },
                "BUILD_DICT": {
                    "gatk4": "4.5.0.0"
                },
                "BUILD_STAR_GENOME": {
                    "star": "2.7.11b",
                    "samtools": 1.2,
                    "gawk": "5.1.0"
                },
                "DROP_CONFIG_RUN_AE": {
                    "drop_config": 2.1,
                    "drop": "1.4.0"
                },
                "DROP_CONFIG_RUN_AS": {
                    "drop_config": 2.1,
                    "drop": "1.4.0"
                },
                "DROP_FILTER_RESULTS": {
                    "drop_filter_results": 1.4
                },
                "DROP_SAMPLE_ANNOT": {
                    "drop_sample_annot": 1.2,
                    "samtools": 1.2
                },
                "ENSEMBLVEP_FILTERVEP": {
                    "ensemblvep": 113.0
                },
                "ENSEMBLVEP_VEP": {
                    "ensemblvep": 113.0
                },
                "FASTP": {
                    "fastp": "0.23.4"
                },
                "FASTQC": {
                    "fastqc": "0.12.1"
                },
                "GATK4_ASEREADCOUNTER": {
                    "gatk4": "4.5.0.0"
                },
                "GAWK": {
                    "gawk": "5.3.0"
                },
                "GET_CHROM_SIZES": {
                    "cut": "BusyBox v1.32.1"
                },
                "GET_RRNA_TRANSCRIPTS": {
                    "get_rrna_transcripts": "v1.0"
                },
                "GFFCOMPARE": {
                    "gffcompare": "0.12.6"
                },
                "GFFREAD": {
                    "gffread": "0.12.7"
                },
                "GUNZIP_FASTA": {
                    "gunzip": 1.1
                },
                "GUNZIP_GTF": {
                    "gunzip": 1.1
                },
                "JUNCTION_TRACK": {
                    "sj2bed": "v1.0"
                },
                "PICARD_COLLECTINSERTSIZEMETRICS": {
                    "picard": "3.3.0"
                },
                "PICARD_COLLECTRNASEQMETRICS": {
                    "picard": "3.3.0"
                },
                "REMOVE_DUPLICATES": {
                    "bcftools": 1.2
                },
                "RENAME_FILES": {
                    "gnu-wget": 1.18
                },
                "RNA_DOWNSAMPLE": {
                    "samtools": "1.16.1"
                },
                "RNA_SUBSAMPLE_REGION": {
                    "samtools": "1.16.1"
                },
                "SALMON_INDEX": {
                    "salmon": "1.10.3"
                },
                "SALMON_QUANT": {
                    "salmon": "1.10.3"
                },
                "SAMTOOLS_FAIDX_GENOME": {
                    "samtools": 1.21
                },
                "SAMTOOLS_INDEX": {
                    "samtools": 1.21
                },
                "SAMTOOLS_VIEW": {
                    "samtools": 1.21
                },
                "SPLIT_MULTIALLELICS": {
                    "bcftools": 1.2
                },
                "STAR_ALIGN": {
                    "star": "2.7.11b",
                    "samtools": 1.2,
                    "gawk": "5.1.0"
                },
                "STRINGTIE_STRINGTIE": {
                    "stringtie": "2.2.3"
                },
                "TABIX_BGZIPTABIX": {
                    "tabix": 1.2
                },
                "TABIX_TABIX": {
                    "tabix": 1.2
                },
                "UCSC_GTFTOGENEPRED": {
                    "ucsc": 447
                },
                "UCSC_WIGTOBIGWIG": {
                    "ucsc": 447
                },
                "UNTAR_VEP_CACHE": {
                    "untar": 1.34
                },
                "Workflow": {
                    "genomic-medicine-sweden/tomte": "v3.0.1"
                }
            },
            [
                "alignment",
                "alignment/ACC5963A1.bam",
                "alignment/ACC5963A1.cram",
                "alignment/ACC5963A1.cram.crai",
                "alignment/ACC5963A1_downsmapled.bam",
                "alignment/ACC5963A1_downsmapled.bam.bai",
                "alignment/ACC5963A2",
                "alignment/ACC5963A2.Aligned.sortedByCoord.out.bam",
                "alignment/ACC5963A2.Log.final.out",
                "alignment/ACC5963A2.Log.out",
                "alignment/ACC5963A2.Log.progress.out",
                "alignment/ACC5963A2.ReadsPerGene.out.tab",
                "alignment/ACC5963A2.SJ.out.tab",
                "alignment/ACC5963A2.Signal.Unique.str1.out.wig",
                "alignment/ACC5963A2.Signal.UniqueMultiple.str1.out.wig",
                "alignment/ACC5963A2.cram",
                "alignment/ACC5963A2.cram.crai",
                "alignment/ACC5963A2/aux_info",
                "alignment/ACC5963A2/aux_info/ambig_info.tsv",
                "alignment/ACC5963A2/aux_info/exp_gc.gz",
                "alignment/ACC5963A2/aux_info/expected_bias.gz",
                "alignment/ACC5963A2/aux_info/fld.gz",
                "alignment/ACC5963A2/aux_info/meta_info.json",
                "alignment/ACC5963A2/aux_info/obs_gc.gz",
                "alignment/ACC5963A2/aux_info/observed_bias.gz",
                "alignment/ACC5963A2/aux_info/observed_bias_3p.gz",
                "alignment/ACC5963A2/cmd_info.json",
                "alignment/ACC5963A2/libParams",
                "alignment/ACC5963A2/libParams/flenDist.txt",
                "alignment/ACC5963A2/lib_format_counts.json",
                "alignment/ACC5963A2/logs",
                "alignment/ACC5963A2/logs/salmon_quant.log",
                "alignment/ACC5963A2/quant.genes.sf",
                "alignment/ACC5963A2/quant.sf",
                "alignment/ACC5963A2_downsmapled.bam",
                "alignment/ACC5963A2_downsmapled.bam.bai",
                "alignment/ACC5963A2_lib_format_counts.json",
                "alignment/ACC5963A2_meta_info.json",
                "alignment/ACC5963A2_quant.sf",
                "alignment/ACC5963A3.bam",
                "alignment/ACC5963A3.cram",
                "alignment/ACC5963A3.cram.crai",
                "alignment/ACC5963A3_downsmapled.bam",
                "alignment/ACC5963A3_downsmapled.bam.bai",
                "analyse_transcripts",
                "analyse_transcripts/ACC5963A1.ACC5963A1.transcripts.gtf.refmap",
                "analyse_transcripts/ACC5963A1.ACC5963A1.transcripts.gtf.tmap",
                "analyse_transcripts/ACC5963A1.annotated.gtf",
                "analyse_transcripts/ACC5963A1.ballgown",
                "analyse_transcripts/ACC5963A1.ballgown/e2t.ctab",
                "analyse_transcripts/ACC5963A1.ballgown/e_data.ctab",
                "analyse_transcripts/ACC5963A1.ballgown/i2t.ctab",
                "analyse_transcripts/ACC5963A1.ballgown/i_data.ctab",
                "analyse_transcripts/ACC5963A1.ballgown/t_data.ctab",
                "analyse_transcripts/ACC5963A1.coverage.gtf",
                "analyse_transcripts/ACC5963A1.gene.abundance.txt",
                "analyse_transcripts/ACC5963A1.loci",
                "analyse_transcripts/ACC5963A1.stats",
                "analyse_transcripts/ACC5963A1.tracking",
                "analyse_transcripts/ACC5963A1.transcripts.gtf",
                "analyse_transcripts/ACC5963A2.ACC5963A2.transcripts.gtf.refmap",
                "analyse_transcripts/ACC5963A2.ACC5963A2.transcripts.gtf.tmap",
                "analyse_transcripts/ACC5963A2.annotated.gtf",
                "analyse_transcripts/ACC5963A2.ballgown",
                "analyse_transcripts/ACC5963A2.ballgown/e2t.ctab",
                "analyse_transcripts/ACC5963A2.ballgown/e_data.ctab",
                "analyse_transcripts/ACC5963A2.ballgown/i2t.ctab",
                "analyse_transcripts/ACC5963A2.ballgown/i_data.ctab",
                "analyse_transcripts/ACC5963A2.ballgown/t_data.ctab",
                "analyse_transcripts/ACC5963A2.coverage.gtf",
                "analyse_transcripts/ACC5963A2.gene.abundance.txt",
                "analyse_transcripts/ACC5963A2.loci",
                "analyse_transcripts/ACC5963A2.stats",
                "analyse_transcripts/ACC5963A2.tracking",
                "analyse_transcripts/ACC5963A2.transcripts.gtf",
                "analyse_transcripts/ACC5963A3.ACC5963A3.transcripts.gtf.refmap",
                "analyse_transcripts/ACC5963A3.ACC5963A3.transcripts.gtf.tmap",
                "analyse_transcripts/ACC5963A3.annotated.gtf",
                "analyse_transcripts/ACC5963A3.ballgown",
                "analyse_transcripts/ACC5963A3.ballgown/e2t.ctab",
                "analyse_transcripts/ACC5963A3.ballgown/e_data.ctab",
                "analyse_transcripts/ACC5963A3.ballgown/i2t.ctab",
                "analyse_transcripts/ACC5963A3.ballgown/i_data.ctab",
                "analyse_transcripts/ACC5963A3.ballgown/t_data.ctab",
                "analyse_transcripts/ACC5963A3.coverage.gtf",
                "analyse_transcripts/ACC5963A3.gene.abundance.txt",
                "analyse_transcripts/ACC5963A3.loci",
                "analyse_transcripts/ACC5963A3.stats",
                "analyse_transcripts/ACC5963A3.tracking",
                "analyse_transcripts/ACC5963A3.transcripts.gtf",
                "analyse_transcripts/drop",
                "analyse_transcripts/drop/AE",
                "analyse_transcripts/drop/AS",
                "analyse_transcripts/drop/finequagga_fraser_top_hits_clinical.tsv",
                "analyse_transcripts/drop/finequagga_fraser_top_hits_research.tsv",
                "analyse_transcripts/drop/finequagga_outrider_top_hits_clinical.tsv",
                "analyse_transcripts/drop/finequagga_outrider_top_hits_research.tsv",
                "analyse_transcripts/drop/sample_annotation.tsv",
                "annotate_vep",
                "annotate_vep/finequagga_split_rmdup_vep.vcf.gz",
                "annotate_vep/finequagga_split_rmdup_vep.vcf.gz_summary.html",
                "annotate_vep/finequagga_vep_clinical.vcf",
                "annotate_vep/finequagga_vep_clinical.vcf.gz",
                "annotate_vep/finequagga_vep_clinical.vcf.gz.tbi",
                "annotate_vep/finequagga_vep_research.vcf.gz",
                "annotate_vep/finequagga_vep_research.vcf.gz.tbi",
                "bam_qc",
                "bam_qc/ACC5963A1.rna_metrics",
                "bam_qc/ACC5963A1_insert_size.pdf",
                "bam_qc/ACC5963A1_insert_size.txt",
                "bam_qc/ACC5963A2.rna_metrics",
                "bam_qc/ACC5963A2_insert_size.pdf",
                "bam_qc/ACC5963A2_insert_size.txt",
                "bam_qc/ACC5963A3.rna_metrics",
                "bam_qc/ACC5963A3_insert_size.pdf",
                "bam_qc/ACC5963A3_insert_size.txt",
                "bootstrapann",
                "bootstrapann/finequagga_split_rmdup.vcf.gz",
                "bootstrapann/finequagga_split_rmdup.vcf.gz.tbi",
                "call_variants",
                "call_variants/ACC5963A1_split_rmdup_info.vcf.gz",
                "call_variants/ACC5963A1_split_rmdup_info.vcf.gz.tbi",
                "call_variants/ACC5963A2_split_rmdup_info.vcf.gz",
                "call_variants/ACC5963A2_split_rmdup_info.vcf.gz.tbi",
                "call_variants/ACC5963A3_split_rmdup_info.vcf.gz",
                "call_variants/ACC5963A3_split_rmdup_info.vcf.gz.tbi",
                "cram",
                "cram/ACC5963A3.bam",
                "cram/ACC5963A3.bam.bai",
                "fastqc",
                "fastqc/ACC5963A2_id1_1_fastqc.html",
                "fastqc/ACC5963A2_id1_1_fastqc.zip",
                "fastqc/ACC5963A2_id1_2_fastqc.html",
                "fastqc/ACC5963A2_id1_2_fastqc.zip",
                "gawk",
                "gawk/hgnc.tsv",
                "junction",
                "junction/ACC5963A2_junction.bed",
                "multiqc",
                "multiqc/multiqc_data",
                "multiqc/multiqc_data/bcftools-stats-subtypes.txt",
                "multiqc/multiqc_data/bcftools_stats_indel-lengths.txt",
                "multiqc/multiqc_data/bcftools_stats_variant_depths.txt",
                "multiqc/multiqc_data/bcftools_stats_vqc_Count_Indels.txt",
                "multiqc/multiqc_data/bcftools_stats_vqc_Count_SNP.txt",
                "multiqc/multiqc_data/bcftools_stats_vqc_Count_Transitions.txt",
                "multiqc/multiqc_data/bcftools_stats_vqc_Count_Transversions.txt",
                "multiqc/multiqc_data/fastp-insert-size-plot.txt",
                "multiqc/multiqc_data/fastp-seq-content-gc-plot_Read_1_After_filtering.txt",
                "multiqc/multiqc_data/fastp-seq-content-gc-plot_Read_1_Before_filtering.txt",
                "multiqc/multiqc_data/fastp-seq-content-gc-plot_Read_2_After_filtering.txt",
                "multiqc/multiqc_data/fastp-seq-content-gc-plot_Read_2_Before_filtering.txt",
                "multiqc/multiqc_data/fastp-seq-content-n-plot_Read_1_After_filtering.txt",
                "multiqc/multiqc_data/fastp-seq-content-n-plot_Read_1_Before_filtering.txt",
                "multiqc/multiqc_data/fastp-seq-content-n-plot_Read_2_After_filtering.txt",
                "multiqc/multiqc_data/fastp-seq-content-n-plot_Read_2_Before_filtering.txt",
                "multiqc/multiqc_data/fastp-seq-quality-plot_Read_1_After_filtering.txt",
                "multiqc/multiqc_data/fastp-seq-quality-plot_Read_1_Before_filtering.txt",
                "multiqc/multiqc_data/fastp-seq-quality-plot_Read_2_After_filtering.txt",
                "multiqc/multiqc_data/fastp-seq-quality-plot_Read_2_Before_filtering.txt",
                "multiqc/multiqc_data/fastp_filtered_reads_plot.txt",
                "multiqc/multiqc_data/fastp_overrepresented_sequences_plot_Read_1_After_filtering.txt",
                "multiqc/multiqc_data/fastp_overrepresented_sequences_plot_Read_1_Before_filtering.txt",
                "multiqc/multiqc_data/fastp_overrepresented_sequences_plot_Read_2_After_filtering.txt",
                "multiqc/multiqc_data/fastp_overrepresented_sequences_plot_Read_2_Before_filtering.txt",
                "multiqc/multiqc_data/fastp_top_overrepresented_sequences_table.txt",
                "multiqc/multiqc_data/fastqc-status-check-heatmap.txt",
                "multiqc/multiqc_data/fastqc_adapter_content_plot.txt",
                "multiqc/multiqc_data/fastqc_overrepresented_sequences_plot.txt",
                "multiqc/multiqc_data/fastqc_per_base_n_content_plot.txt",
                "multiqc/multiqc_data/fastqc_per_base_sequence_quality_plot.txt",
                "multiqc/multiqc_data/fastqc_per_sequence_gc_content_plot_Counts.txt",
                "multiqc/multiqc_data/fastqc_per_sequence_gc_content_plot_Percentages.txt",
                "multiqc/multiqc_data/fastqc_per_sequence_quality_scores_plot.txt",
                "multiqc/multiqc_data/fastqc_sequence_counts_plot.txt",
                "multiqc/multiqc_data/fastqc_sequence_duplication_levels_plot.txt",
                "multiqc/multiqc_data/fastqc_top_overrepresented_sequences_table.txt",
                "multiqc/multiqc_data/gffcompare_accuracy_plot_Base.txt",
                "multiqc/multiqc_data/gffcompare_accuracy_plot_Exon.txt",
                "multiqc/multiqc_data/gffcompare_accuracy_plot_Intron.txt",
                "multiqc/multiqc_data/gffcompare_accuracy_plot_Intron_chain.txt",
                "multiqc/multiqc_data/gffcompare_accuracy_plot_Locus.txt",
                "multiqc/multiqc_data/gffcompare_accuracy_plot_Transcript.txt",
                "multiqc/multiqc_data/gffcompare_missing_plot_Exons.txt",
                "multiqc/multiqc_data/gffcompare_missing_plot_Introns.txt",
                "multiqc/multiqc_data/gffcompare_missing_plot_Loci.txt",
                "multiqc/multiqc_data/gffcompare_novel_plot_Exons.txt",
                "multiqc/multiqc_data/gffcompare_novel_plot_Introns.txt",
                "multiqc/multiqc_data/gffcompare_novel_plot_Loci.txt",
                "multiqc/multiqc_data/multiqc.log",
                "multiqc/multiqc_data/multiqc_bcftools_stats.txt",
                "multiqc/multiqc_data/multiqc_citations.txt",
                "multiqc/multiqc_data/multiqc_data.json",
                "multiqc/multiqc_data/multiqc_fastp.txt",
                "multiqc/multiqc_data/multiqc_fastqc.txt",
                "multiqc/multiqc_data/multiqc_general_stats.txt",
                "multiqc/multiqc_data/multiqc_gffcompare.txt",
                "multiqc/multiqc_data/multiqc_picard_RnaSeqMetrics.txt",
                "multiqc/multiqc_data/multiqc_picard_insertSize.txt",
                "multiqc/multiqc_data/multiqc_software_versions.txt",
                "multiqc/multiqc_data/multiqc_sources.txt",
                "multiqc/multiqc_data/multiqc_star.txt",
                "multiqc/multiqc_data/picard_MarkIlluminaAdapters_histogram.txt",
                "multiqc/multiqc_data/picard_MeanQualityByCycle_histogram.txt",
                "multiqc/multiqc_data/picard_QualityScoreDistribution_histogram.txt",
                "multiqc/multiqc_data/picard_insert_size_Counts.txt",
                "multiqc/multiqc_data/picard_insert_size_Percentages.txt",
                "multiqc/multiqc_data/picard_rna_coverage.txt",
                "multiqc/multiqc_data/picard_rnaseqmetrics_assignment_plot.txt",
                "multiqc/multiqc_data/picard_rnaseqmetrics_strand_plot.txt",
                "multiqc/multiqc_data/star_alignment_plot.txt",
                "multiqc/multiqc_data/star_gene_counts_Reverse_Stranded.txt",
                "multiqc/multiqc_data/star_gene_counts_Same_Stranded.txt",
                "multiqc/multiqc_data/star_gene_counts_Unstranded.txt",
                "multiqc/multiqc_data/star_summary_table.txt",
                "multiqc/multiqc_plots",
                "multiqc/multiqc_report.html",
                "pipeline_info",
                "pipeline_info/tomte_pipeline_software_mqc_versions.yml",
                "references",
                "references/GRCh37_gffread_output.fasta",
                "references/grch37_chr21.dict",
                "references/grch37_chr21.fa",
                "references/grch37_chr21.fa.fai",
                "references/grch37_chr21.fa.fai.sizes",
                "references/grch37_chr21.gtf",
                "references/grch37_chr21.refflat",
                "references/rrna.bed",
                "references/rrna.bed.interval_list",
                "references/rrna.gtf",
                "references/salmon",
                "references/salmon/complete_ref_lens.bin",
                "references/salmon/ctable.bin",
                "references/salmon/ctg_offsets.bin",
                "references/salmon/duplicate_clusters.tsv",
                "references/salmon/info.json",
                "references/salmon/mphf.bin",
                "references/salmon/pos.bin",
                "references/salmon/pre_indexing.log",
                "references/salmon/rank.bin",
                "references/salmon/refAccumLengths.bin",
                "references/salmon/ref_indexing.log",
                "references/salmon/reflengths.bin",
                "references/salmon/refseq.bin",
                "references/salmon/seq.bin",
                "references/salmon/versionInfo.json",
                "references/star",
                "references/star/Genome",
                "references/star/Log.out",
                "references/star/SA",
                "references/star/SAindex",
                "references/star/chrLength.txt",
                "references/star/chrName.txt",
                "references/star/chrNameLength.txt",
                "references/star/chrStart.txt",
                "references/star/exonGeTrInfo.tab",
                "references/star/exonInfo.tab",
                "references/star/geneInfo.tab",
                "references/star/genomeParameters.txt",
                "references/star/sjdbInfo.txt",
                "references/star/sjdbList.fromGTF.out.tab",
                "references/star/sjdbList.out.tab",
                "references/star/transcriptInfo.tab",
                "trimming",
                "trimming/ACC5963A2.Aligned.sortedByCoord.out.bam.bai",
                "trimming/ACC5963A2.fastp.html",
                "trimming/ACC5963A2.fastp.json",
                "trimming/ACC5963A2.fastp.log",
                "trimming/ACC5963A2_1.fastp.fastq.gz",
                "trimming/ACC5963A2_2.fastp.fastq.gz",
                "ucsc",
                "ucsc/ACC5963A2.bw",
                "ucsc/ACC5963A2_junction.bed.gz",
                "ucsc/ACC5963A2_junction.bed.gz.tbi"
            ],
            [
                "ACC5963A1.bam:md5,0f3e153a88d96c4ad6a59898d2bea037",
                "ACC5963A1_downsmapled.bam:md5,180dea0d5f742ce093095dfbce85f8d7",
                "ACC5963A1_downsmapled.bam.bai:md5,80eb8bfdb2e8995f3bf7f8403e2268ca",
                "ACC5963A2.Aligned.sortedByCoord.out.bam:md5,5f5347d0afd3ea3f4e8c8b24029644c2",
                "ACC5963A2.ReadsPerGene.out.tab:md5,ec7fa257059d2545e07635a3e6101997",
                "ACC5963A2.SJ.out.tab:md5,dea5d6b61390b2e01699441ad0c56b05",
                "ACC5963A2.Signal.Unique.str1.out.wig:md5,57216a6d909e526d0447c1967eae177c",
                "ACC5963A2.Signal.UniqueMultiple.str1.out.wig:md5,0a82d7eba84b95ae25d135e994a44c28",
                "ACC5963A2_downsmapled.bam:md5,db5e8ae997f7ae1dd9ac881716704939",
                "ACC5963A2_downsmapled.bam.bai:md5,c93292786441803a03053d377815de09",
                "ACC5963A3.bam:md5,20a8f0d5c77d4fe6dda8359e39f0385a",
                "ACC5963A3_downsmapled.bam:md5,3a6de5377906472ce825f9e23fae314e",
                "ACC5963A3_downsmapled.bam.bai:md5,cad95d98e24493c2fc4e3513b448951a",
                "e2t.ctab:md5,3ba87d66102fe6b94aa9a407446eeee9",
                "e_data.ctab:md5,6120ca51e6b8bb3c25fba75ac59da997",
                "i2t.ctab:md5,37bfc663c6ab9bfd37a6425b4ea082eb",
                "i_data.ctab:md5,a64ec517859ed296146a5497ec5cf645",
                "t_data.ctab:md5,adea5cce0d453ca8108143842b21157c",
                "e2t.ctab:md5,3ba87d66102fe6b94aa9a407446eeee9",
                "e_data.ctab:md5,6120ca51e6b8bb3c25fba75ac59da997",
                "i2t.ctab:md5,37bfc663c6ab9bfd37a6425b4ea082eb",
                "i_data.ctab:md5,a64ec517859ed296146a5497ec5cf645",
                "t_data.ctab:md5,adea5cce0d453ca8108143842b21157c",
                "e2t.ctab:md5,3ba87d66102fe6b94aa9a407446eeee9",
                "e_data.ctab:md5,6120ca51e6b8bb3c25fba75ac59da997",
                "i2t.ctab:md5,37bfc663c6ab9bfd37a6425b4ea082eb",
                "i_data.ctab:md5,a64ec517859ed296146a5497ec5cf645",
                "t_data.ctab:md5,adea5cce0d453ca8108143842b21157c",
                "ACC5963A3.bam:md5,20a8f0d5c77d4fe6dda8359e39f0385a",
                "ACC5963A3.bam.bai:md5,1f849f9349136af7bd03df71b1748623",
                "hgnc.tsv:md5,bbf07f9733fbd7e4666f039b5c4be128",
                "ACC5963A2_junction.bed:md5,7b66db28a4b006d798a96fbc81f345e5",
                "GRCh37_gffread_output.fasta:md5,7dbf3195d06f480fa5b2421004580bdd",
                "grch37_chr21.dict:md5,53d95c36db0422d29db02c8a8da56e43",
                "grch37_chr21.fa:md5,e9ce36e75cd57d255ad64eb2ecca4dd0",
                "grch37_chr21.fa.fai:md5,93c052a6e351d5db0d7a0156816f51fb",
                "grch37_chr21.fa.fai.sizes:md5,ffd90da532db7928daa1591d45dc26c4",
                "grch37_chr21.gtf:md5,01924b6ce7016e41d5e2b22e478ca12f",
                "grch37_chr21.refflat:md5,9c34a780a2505949c4c613dfc79f8d2d",
                "rrna.bed:md5,1c99687a18201c904edc40fb03088787",
                "rrna.bed.interval_list:md5,d12bf78e46ad4ce933d23bcd17950845",
                "rrna.gtf:md5,f8f524389ae15f74f139fd93e5a1b5df",
                "duplicate_clusters.tsv:md5,b1cea4293a461564b285e7907fdff316",
                "info.json:md5,dd963acdc7e517c60639de0c53a6dd2b",
                "versionInfo.json:md5,d2c799050e81aa6e282ac8a73e773941",
                "Genome:md5,cf4eda2b72a9a7ceb59dc366b4ee13d2",
                "SA:md5,bb44c8606c1e749ddc18c4208d6e483c",
                "SAindex:md5,f7a1d0d53bccdc1d847443483e3ebb6c",
                "chrLength.txt:md5,a1b0ccf6afa82bf333df2267b40b10bb",
                "chrName.txt:md5,e99d7d1051eee43ceab5563c2d09fcee",
                "chrNameLength.txt:md5,ffd90da532db7928daa1591d45dc26c4",
                "chrStart.txt:md5,dfbc86e8955846707703b0c0dbc99e3b",
                "exonGeTrInfo.tab:md5,e3e21c4b1c77b4f1ce33736e8ebef046",
                "exonInfo.tab:md5,89755beceea3b8b8a1d5adbf55e04c4f",
                "geneInfo.tab:md5,81d62ce506b1ac6154b8eb91d0f1633c",
                "genomeParameters.txt:md5,df7a71db5babe1e413fcb56892feae38",
                "sjdbInfo.txt:md5,68190fbde2fae7bd6e7afd97faa71c98",
                "sjdbList.fromGTF.out.tab:md5,e394912ab5667171a27e8897d116f8f0",
                "sjdbList.out.tab:md5,12efd0795aa3db892113dcc09c5843f1",
                "transcriptInfo.tab:md5,b2726efcc116cb22abd4479168dba574",
                "ACC5963A2.Aligned.sortedByCoord.out.bam.bai:md5,45bf7c6707438d111c96ae516623f0e6",
                "ACC5963A2.fastp.json:md5,864bf7cafcea8c47d9784f7bd5066e53",
                "ACC5963A2_1.fastp.fastq.gz:md5,35894d5840555bc9360f7f81adf953e2",
                "ACC5963A2_2.fastp.fastq.gz:md5,6e8779ccbfdf584f2daf3aa33999f593",
                "ACC5963A2.bw:md5,7bbf311ffa11c753dd10a689d530932f",
                "ACC5963A2_junction.bed.gz:md5,7b66db28a4b006d798a96fbc81f345e5",
                "ACC5963A2_junction.bed.gz.tbi:md5,cf1e000dd4dcce96e8ef3ad3afa9f831"
            ],
            [
                [
                    "ACC5963A1.bam",
                    "87218b31373548955734d112cda151f"
                ],
                [
                    "ACC5963A1_downsmapled.bam",
                    "57dde27b0db993b675f26b78939cbd8a"
                ],
                [
                    "ACC5963A2.Aligned.sortedByCoord.out.bam",
                    "87218b31373548955734d112cda151f"
                ],
                [
                    "ACC5963A2_downsmapled.bam",
                    "57dde27b0db993b675f26b78939cbd8a"
                ],
                [
                    "ACC5963A3.bam",
                    "87218b31373548955734d112cda151f"
                ],
                [
                    "ACC5963A3_downsmapled.bam",
                    "57dde27b0db993b675f26b78939cbd8a"
                ],
                [
                    "ACC5963A3.bam",
                    "87218b31373548955734d112cda151f"
                ]
            ],
            [
                [
                    "finequagga_split_rmdup_vep.vcf.gz",
                    "VcfFile [chromosomes=[chr21], sampleCount=3, variantCount=805, phased=false, phasedAutodetect=false]"
                ],
                [
                    "finequagga_vep_clinical.vcf.gz",
                    "VcfFile [chromosomes=[chr21], sampleCount=3, variantCount=113, phased=false, phasedAutodetect=false]"
                ],
                [
                    "finequagga_vep_research.vcf.gz",
                    "VcfFile [chromosomes=[chr21], sampleCount=3, variantCount=805, phased=false, phasedAutodetect=false]"
                ],
                [
                    "finequagga_split_rmdup.vcf.gz",
                    "VcfFile [chromosomes=[chr21], sampleCount=3, variantCount=805, phased=false, phasedAutodetect=false]"
                ],
                [
                    "ACC5963A1_split_rmdup_info.vcf.gz",
                    "VcfFile [chromosomes=[chr21], sampleCount=1, variantCount=805, phased=false, phasedAutodetect=false]"
                ],
                [
                    "ACC5963A2_split_rmdup_info.vcf.gz",
                    "VcfFile [chromosomes=[chr21], sampleCount=1, variantCount=805, phased=false, phasedAutodetect=false]"
                ],
                [
                    "ACC5963A3_split_rmdup_info.vcf.gz",
                    "VcfFile [chromosomes=[chr21], sampleCount=1, variantCount=805, phased=false, phasedAutodetect=false]"
                ]
            ]
        ],
        "meta": {
            "nf-test": "0.9.2",
            "nextflow": "24.10.5"
        },
        "timestamp": "2025-04-30T09:44:03.612167"
    }
}