{
    "test profile": {
        "content": [
            35,
            {
                "BEDTOINTERVALLIST": {
                    "gatk4": "4.6.1.0"
                },
                "BUILD_DICT": {
                    "gatk4": "4.6.1.0"
                },
                "BUILD_STAR_GENOME": {
                    "star": "2.7.11b",
                    "samtools": 1.21,
                    "gawk": "5.1.0"
                },
                "DROP_CONFIG_RUN_MAE": {
                    "drop_config": 2.1,
                    "drop": "1.4.0"
                },
                "DROP_FILTER_RESULTS": {
                    "drop_filter_results": 1.5
                },
                "DROP_SAMPLE_ANNOT": {
                    "drop_sample_annot": 1.3,
                    "samtools": 1.21
                },
                "FASTP": {
                    "fastp": "0.24.0"
                },
                "FASTQC": {
                    "fastqc": "0.12.1"
                },
                "GET_CHROM_SIZES": {
                    "samtools": 1.21
                },
                "GET_RRNA_TRANSCRIPTS": {
                    "get_rrna_transcripts": "v1.0"
                },
                "GFFREAD": {
                    "gffread": "0.12.7"
                },
                "GUNZIP_FASTA": {
                    "gunzip": 1.13
                },
                "GUNZIP_GTF": {
                    "gunzip": 1.13
                },
                "PICARD_COLLECTINSERTSIZEMETRICS": {
                    "picard": "3.3.0"
                },
                "PICARD_COLLECTRNASEQMETRICS": {
                    "picard": "3.3.0"
                },
                "SALMON_INDEX": {
                    "salmon": "1.10.3"
                },
                "SALMON_QUANT": {
                    "salmon": "1.10.3"
                },
                "SAMTOOLS_FAIDX_GENOME": {
                    "samtools": 1.21
                },
                "SAMTOOLS_FASTQ": {
                    "samtools": 1.21
                },
                "SAMTOOLS_INDEX": {
                    "samtools": 1.21
                },
                "SAMTOOLS_VIEW": {
                    "samtools": 1.21
                },
                "STAR_ALIGN": {
                    "star": "2.7.11b",
                    "samtools": 1.21,
                    "gawk": "5.1.0"
                },
                "UCSC_GTFTOGENEPRED": {
                    "ucsc": 447
                },
                "UNTAR_VEP_CACHE": {
                    "untar": 1.34
                },
                "Workflow": {
                    "genomic-medicine-sweden/tomte": "v4.1.0dev"
                }
            },
            [
                "alignment",
                "alignment/ACC5963A1",
                "alignment/ACC5963A1.bam",
                "alignment/ACC5963A1.cram",
                "alignment/ACC5963A1.cram.crai",
                "alignment/ACC5963A1/aux_info",
                "alignment/ACC5963A1/aux_info/ambig_info.tsv",
                "alignment/ACC5963A1/aux_info/exp_gc.gz",
                "alignment/ACC5963A1/aux_info/expected_bias.gz",
                "alignment/ACC5963A1/aux_info/fld.gz",
                "alignment/ACC5963A1/aux_info/meta_info.json",
                "alignment/ACC5963A1/aux_info/obs_gc.gz",
                "alignment/ACC5963A1/aux_info/observed_bias.gz",
                "alignment/ACC5963A1/aux_info/observed_bias_3p.gz",
                "alignment/ACC5963A1/cmd_info.json",
                "alignment/ACC5963A1/libParams",
                "alignment/ACC5963A1/libParams/flenDist.txt",
                "alignment/ACC5963A1/lib_format_counts.json",
                "alignment/ACC5963A1/logs",
                "alignment/ACC5963A1/logs/salmon_quant.log",
                "alignment/ACC5963A1/quant.genes.sf",
                "alignment/ACC5963A1/quant.sf",
                "alignment/ACC5963A1_lib_format_counts.json",
                "alignment/ACC5963A1_meta_info.json",
                "alignment/ACC5963A1_quant.sf",
                "alignment/ACC5963A2",
                "alignment/ACC5963A2.Aligned.sortedByCoord.out.bam",
                "alignment/ACC5963A2.Log.final.out",
                "alignment/ACC5963A2.Log.out",
                "alignment/ACC5963A2.Log.progress.out",
                "alignment/ACC5963A2.ReadsPerGene.out.tab",
                "alignment/ACC5963A2.SJ.out.tab",
                "alignment/ACC5963A2.Signal.Unique.str1.out.wig",
                "alignment/ACC5963A2.Signal.UniqueMultiple.str1.out.wig",
                "alignment/ACC5963A2.cram",
                "alignment/ACC5963A2.cram.crai",
                "alignment/ACC5963A2/aux_info",
                "alignment/ACC5963A2/aux_info/ambig_info.tsv",
                "alignment/ACC5963A2/aux_info/exp_gc.gz",
                "alignment/ACC5963A2/aux_info/expected_bias.gz",
                "alignment/ACC5963A2/aux_info/fld.gz",
                "alignment/ACC5963A2/aux_info/meta_info.json",
                "alignment/ACC5963A2/aux_info/obs_gc.gz",
                "alignment/ACC5963A2/aux_info/observed_bias.gz",
                "alignment/ACC5963A2/aux_info/observed_bias_3p.gz",
                "alignment/ACC5963A2/cmd_info.json",
                "alignment/ACC5963A2/libParams",
                "alignment/ACC5963A2/libParams/flenDist.txt",
                "alignment/ACC5963A2/lib_format_counts.json",
                "alignment/ACC5963A2/logs",
                "alignment/ACC5963A2/logs/salmon_quant.log",
                "alignment/ACC5963A2/quant.genes.sf",
                "alignment/ACC5963A2/quant.sf",
                "alignment/ACC5963A2_lib_format_counts.json",
                "alignment/ACC5963A2_meta_info.json",
                "alignment/ACC5963A2_quant.sf",
                "alignment/ACC5963A3",
                "alignment/ACC5963A3.bam",
                "alignment/ACC5963A3.cram",
                "alignment/ACC5963A3.cram.crai",
                "alignment/ACC5963A3/aux_info",
                "alignment/ACC5963A3/aux_info/ambig_info.tsv",
                "alignment/ACC5963A3/aux_info/exp_gc.gz",
                "alignment/ACC5963A3/aux_info/expected_bias.gz",
                "alignment/ACC5963A3/aux_info/fld.gz",
                "alignment/ACC5963A3/aux_info/meta_info.json",
                "alignment/ACC5963A3/aux_info/obs_gc.gz",
                "alignment/ACC5963A3/aux_info/observed_bias.gz",
                "alignment/ACC5963A3/aux_info/observed_bias_3p.gz",
                "alignment/ACC5963A3/cmd_info.json",
                "alignment/ACC5963A3/libParams",
                "alignment/ACC5963A3/libParams/flenDist.txt",
                "alignment/ACC5963A3/lib_format_counts.json",
                "alignment/ACC5963A3/logs",
                "alignment/ACC5963A3/logs/salmon_quant.log",
                "alignment/ACC5963A3/quant.genes.sf",
                "alignment/ACC5963A3/quant.sf",
                "alignment/ACC5963A3_lib_format_counts.json",
                "alignment/ACC5963A3_meta_info.json",
                "alignment/ACC5963A3_quant.sf",
                "analyse_transcripts",
                "analyse_transcripts/drop",
                "analyse_transcripts/drop/MAE",
                "analyse_transcripts/drop/finequagga_mae_top_hits_clinical.tsv",
                "analyse_transcripts/drop/finequagga_mae_top_hits_research.tsv",
                "analyse_transcripts/drop/sample_annotation.tsv",
                "bam_qc",
                "bam_qc/ACC5963A1.rna_metrics",
                "bam_qc/ACC5963A1_insert_size.pdf",
                "bam_qc/ACC5963A1_insert_size.txt",
                "bam_qc/ACC5963A2.rna_metrics",
                "bam_qc/ACC5963A2_insert_size.pdf",
                "bam_qc/ACC5963A2_insert_size.txt",
                "bam_qc/ACC5963A3.rna_metrics",
                "bam_qc/ACC5963A3_insert_size.pdf",
                "bam_qc/ACC5963A3_insert_size.txt",
                "cram",
                "cram/ACC5963A3.bam",
                "cram/ACC5963A3.bam.bai",
                "fastqc",
                "fastqc/ACC5963A2_id1_1_fastqc.html",
                "fastqc/ACC5963A2_id1_1_fastqc.zip",
                "fastqc/ACC5963A2_id1_2_fastqc.html",
                "fastqc/ACC5963A2_id1_2_fastqc.zip",
                "multiqc",
                "multiqc/multiqc_data",
                "multiqc/multiqc_data/BETA-multiqc.parquet",
                "multiqc/multiqc_data/fastp-insert-size-plot.txt",
                "multiqc/multiqc_data/fastp-seq-content-gc-plot_Read_1_After_filtering.txt",
                "multiqc/multiqc_data/fastp-seq-content-gc-plot_Read_1_Before_filtering.txt",
                "multiqc/multiqc_data/fastp-seq-content-gc-plot_Read_2_After_filtering.txt",
                "multiqc/multiqc_data/fastp-seq-content-gc-plot_Read_2_Before_filtering.txt",
                "multiqc/multiqc_data/fastp-seq-content-n-plot_Read_1_After_filtering.txt",
                "multiqc/multiqc_data/fastp-seq-content-n-plot_Read_1_Before_filtering.txt",
                "multiqc/multiqc_data/fastp-seq-content-n-plot_Read_2_After_filtering.txt",
                "multiqc/multiqc_data/fastp-seq-content-n-plot_Read_2_Before_filtering.txt",
                "multiqc/multiqc_data/fastp-seq-quality-plot_Read_1_After_filtering.txt",
                "multiqc/multiqc_data/fastp-seq-quality-plot_Read_1_Before_filtering.txt",
                "multiqc/multiqc_data/fastp-seq-quality-plot_Read_2_After_filtering.txt",
                "multiqc/multiqc_data/fastp-seq-quality-plot_Read_2_Before_filtering.txt",
                "multiqc/multiqc_data/fastp_filtered_reads_plot.txt",
                "multiqc/multiqc_data/fastp_overrepresented_sequences_plot_Read_1_After_filtering.txt",
                "multiqc/multiqc_data/fastp_overrepresented_sequences_plot_Read_1_Before_filtering.txt",
                "multiqc/multiqc_data/fastp_overrepresented_sequences_plot_Read_2_After_filtering.txt",
                "multiqc/multiqc_data/fastp_overrepresented_sequences_plot_Read_2_Before_filtering.txt",
                "multiqc/multiqc_data/fastp_top_overrepresented_sequences_table.txt",
                "multiqc/multiqc_data/fastqc-status-check-heatmap.txt",
                "multiqc/multiqc_data/fastqc_adapter_content_plot.txt",
                "multiqc/multiqc_data/fastqc_overrepresented_sequences_plot.txt",
                "multiqc/multiqc_data/fastqc_per_base_n_content_plot.txt",
                "multiqc/multiqc_data/fastqc_per_base_sequence_quality_plot.txt",
                "multiqc/multiqc_data/fastqc_per_sequence_gc_content_plot_Counts.txt",
                "multiqc/multiqc_data/fastqc_per_sequence_gc_content_plot_Percentages.txt",
                "multiqc/multiqc_data/fastqc_per_sequence_quality_scores_plot.txt",
                "multiqc/multiqc_data/fastqc_sequence_counts_plot.txt",
                "multiqc/multiqc_data/fastqc_sequence_duplication_levels_plot.txt",
                "multiqc/multiqc_data/fastqc_top_overrepresented_sequences_table.txt",
                "multiqc/multiqc_data/llms-full.txt",
                "multiqc/multiqc_data/multiqc.log",
                "multiqc/multiqc_data/multiqc_citations.txt",
                "multiqc/multiqc_data/multiqc_data.json",
                "multiqc/multiqc_data/multiqc_fastp.txt",
                "multiqc/multiqc_data/multiqc_fastqc.txt",
                "multiqc/multiqc_data/multiqc_general_stats.txt",
                "multiqc/multiqc_data/multiqc_picard_RnaSeqMetrics.txt",
                "multiqc/multiqc_data/multiqc_picard_insertSize.txt",
                "multiqc/multiqc_data/multiqc_software_versions.txt",
                "multiqc/multiqc_data/multiqc_sources.txt",
                "multiqc/multiqc_data/multiqc_star.txt",
                "multiqc/multiqc_data/picard_MarkIlluminaAdapters_histogram.txt",
                "multiqc/multiqc_data/picard_MeanQualityByCycle_histogram.txt",
                "multiqc/multiqc_data/picard_QualityScoreDistribution_histogram.txt",
                "multiqc/multiqc_data/picard_insert_size_Counts.txt",
                "multiqc/multiqc_data/picard_insert_size_Percentages.txt",
                "multiqc/multiqc_data/picard_rna_coverage.txt",
                "multiqc/multiqc_data/picard_rnaseqmetrics_assignment_plot.txt",
                "multiqc/multiqc_data/picard_rnaseqmetrics_strand_plot.txt",
                "multiqc/multiqc_data/star_alignment_plot.txt",
                "multiqc/multiqc_data/star_gene_counts_Reverse_Stranded.txt",
                "multiqc/multiqc_data/star_gene_counts_Same_Stranded.txt",
                "multiqc/multiqc_data/star_gene_counts_Unstranded.txt",
                "multiqc/multiqc_data/star_summary_table.txt",
                "multiqc/multiqc_plots",
                "multiqc/multiqc_report.html",
                "pipeline_info",
                "pipeline_info/tomte_pipeline_software_mqc_versions.yml",
                "references",
                "references/GRCh37_gffread_output.fasta",
                "references/grch37_chr21.dict",
                "references/grch37_chr21.fa",
                "references/grch37_chr21.fa.fai",
                "references/grch37_chr21.fa.sizes",
                "references/grch37_chr21.gtf",
                "references/grch37_chr21.refflat",
                "references/rrna.bed",
                "references/rrna.bed.interval_list",
                "references/rrna.gtf",
                "references/salmon",
                "references/salmon/complete_ref_lens.bin",
                "references/salmon/ctable.bin",
                "references/salmon/ctg_offsets.bin",
                "references/salmon/duplicate_clusters.tsv",
                "references/salmon/info.json",
                "references/salmon/mphf.bin",
                "references/salmon/pos.bin",
                "references/salmon/pre_indexing.log",
                "references/salmon/rank.bin",
                "references/salmon/refAccumLengths.bin",
                "references/salmon/ref_indexing.log",
                "references/salmon/reflengths.bin",
                "references/salmon/refseq.bin",
                "references/salmon/seq.bin",
                "references/salmon/versionInfo.json",
                "references/star",
                "references/star/Genome",
                "references/star/Log.out",
                "references/star/SA",
                "references/star/SAindex",
                "references/star/chrLength.txt",
                "references/star/chrName.txt",
                "references/star/chrNameLength.txt",
                "references/star/chrStart.txt",
                "references/star/exonGeTrInfo.tab",
                "references/star/exonInfo.tab",
                "references/star/geneInfo.tab",
                "references/star/genomeParameters.txt",
                "references/star/sjdbInfo.txt",
                "references/star/sjdbList.fromGTF.out.tab",
                "references/star/sjdbList.out.tab",
                "references/star/transcriptInfo.tab",
                "trimming",
                "trimming/ACC5963A2.Aligned.sortedByCoord.out.bam.bai",
                "trimming/ACC5963A2.fastp.html",
                "trimming/ACC5963A2.fastp.json",
                "trimming/ACC5963A2.fastp.log",
                "trimming/ACC5963A2_1.fastp.fastq.gz",
                "trimming/ACC5963A2_2.fastp.fastq.gz"
            ],
            [
                "ACC5963A2.ReadsPerGene.out.tab:md5,ec7fa257059d2545e07635a3e6101997",
                "ACC5963A2.SJ.out.tab:md5,dea5d6b61390b2e01699441ad0c56b05",
                "ACC5963A2.Signal.Unique.str1.out.wig:md5,57216a6d909e526d0447c1967eae177c",
                "ACC5963A2.Signal.UniqueMultiple.str1.out.wig:md5,0a82d7eba84b95ae25d135e994a44c28",
                "GRCh37_gffread_output.fasta:md5,7dbf3195d06f480fa5b2421004580bdd",
                "grch37_chr21.dict:md5,53d95c36db0422d29db02c8a8da56e43",
                "grch37_chr21.fa:md5,e9ce36e75cd57d255ad64eb2ecca4dd0",
                "grch37_chr21.fa.fai:md5,93c052a6e351d5db0d7a0156816f51fb",
                "grch37_chr21.fa.sizes:md5,ffd90da532db7928daa1591d45dc26c4",
                "grch37_chr21.gtf:md5,01924b6ce7016e41d5e2b22e478ca12f",
                "grch37_chr21.refflat:md5,9c34a780a2505949c4c613dfc79f8d2d",
                "rrna.bed:md5,1c99687a18201c904edc40fb03088787",
                "rrna.bed.interval_list:md5,d12bf78e46ad4ce933d23bcd17950845",
                "rrna.gtf:md5,f8f524389ae15f74f139fd93e5a1b5df",
                "duplicate_clusters.tsv:md5,b1cea4293a461564b285e7907fdff316",
                "info.json:md5,dd963acdc7e517c60639de0c53a6dd2b",
                "versionInfo.json:md5,d2c799050e81aa6e282ac8a73e773941",
                "Genome:md5,cf4eda2b72a9a7ceb59dc366b4ee13d2",
                "SA:md5,bb44c8606c1e749ddc18c4208d6e483c",
                "SAindex:md5,f7a1d0d53bccdc1d847443483e3ebb6c",
                "chrLength.txt:md5,a1b0ccf6afa82bf333df2267b40b10bb",
                "chrName.txt:md5,e99d7d1051eee43ceab5563c2d09fcee",
                "chrNameLength.txt:md5,ffd90da532db7928daa1591d45dc26c4",
                "chrStart.txt:md5,dfbc86e8955846707703b0c0dbc99e3b",
                "exonGeTrInfo.tab:md5,e3e21c4b1c77b4f1ce33736e8ebef046",
                "exonInfo.tab:md5,89755beceea3b8b8a1d5adbf55e04c4f",
                "geneInfo.tab:md5,81d62ce506b1ac6154b8eb91d0f1633c",
                "genomeParameters.txt:md5,df7a71db5babe1e413fcb56892feae38",
                "sjdbInfo.txt:md5,68190fbde2fae7bd6e7afd97faa71c98",
                "sjdbList.fromGTF.out.tab:md5,e394912ab5667171a27e8897d116f8f0",
                "sjdbList.out.tab:md5,12efd0795aa3db892113dcc09c5843f1",
                "transcriptInfo.tab:md5,b2726efcc116cb22abd4479168dba574",
                "ACC5963A2.fastp.json:md5,6b9755d6b949a5af8167785849fb6424",
                "ACC5963A2_1.fastp.fastq.gz:md5,35894d5840555bc9360f7f81adf953e2",
                "ACC5963A2_2.fastp.fastq.gz:md5,6e8779ccbfdf584f2daf3aa33999f593"
            ],
            [
                [
                    "ACC5963A1.bam",
                    "87218b31373548955734d112cda151f"
                ],
                [
                    "ACC5963A2.Aligned.sortedByCoord.out.bam",
                    "87218b31373548955734d112cda151f"
                ],
                [
                    "ACC5963A3.bam",
                    "87218b31373548955734d112cda151f"
                ],
                [
                    "ACC5963A3.bam",
                    "87218b31373548955734d112cda151f"
                ]
            ],
            [
                [
                    "ACC5963A1--ACC5963A1.vcf.gz",
                    "VcfFile [chromosomes=[chr21], sampleCount=1, variantCount=225, phased=false, phasedAutodetect=false]"
                ],
                [
                    "QC--ACC5963A1.vcf.gz",
                    "VcfFile [chromosomes=[chr21], sampleCount=1, variantCount=343, phased=false, phasedAutodetect=false]"
                ]
            ]
        ],
        "meta": {
            "nf-test": "0.9.2",
            "nextflow": "25.04.5"
        },
        "timestamp": "2025-09-10T22:20:02.602668336"
    }
}