{
    "Should run without failures": {
        "content": [
            [
                "exported_counts"
            ],
            [
                "versions.yml:md5,ef2c34df7d7aa59f1effd1f590cd4582"
            ]
        ],
        "meta": {
            "nf-test": "0.9.2",
            "nextflow": "25.04.5"
        },
        "timestamp": "2025-08-12T21:47:03.176647877"
    }
}