{
    "Should run without failures": {
        "content": [
            [
                
            ],
            [
                
            ],
            "ACC5963A1_split_rmdup_info_vep.vcf.gz_summary.html",
            [
                "VcfFile [chromosomes=[chr21], sampleCount=1, variantCount=113, phased=false, phasedAutodetect=false]"
            ],
            [
                "VcfFile [chromosomes=[chr21], sampleCount=1, variantCount=805, phased=false, phasedAutodetect=false]"
            ],
            [
                "versions.yml:md5,4ab5aab4abb17eb59948e84bc3caacab",
                "versions.yml:md5,751a6d20ce7cac841bd18b19e74189eb",
                "versions.yml:md5,767cd878bb512f92163193378381d5c9",
                "versions.yml:md5,8a206ac32b9dc4804f742ea5192e0f7e",
                "versions.yml:md5,9e92eb16a95a907da89ecabc16ce9247",
                "versions.yml:md5,c503a228cc6190d09a7fff5d07a59040"
            ]
        ],
        "meta": {
            "nf-test": "0.9.2",
            "nextflow": "24.10.5"
        },
        "timestamp": "2025-04-11T10:50:25.843804"
    }
}