{
    "Should run without failures": {
        "content": [
            [
                "config.yaml"
            ],
            [
                "gene_name_mapping_grch37_chr21.tsv:md5,b44ef48c094b206faee684d7961b85ca"
            ],
            [
                "output"
            ],
            [
                "FRASER_results_fraser--grch37_chr21.tsv"
            ],
            [
                "versions.yml:md5,73b1c924417bf0ac054f0337eda36938"
            ]
        ],
        "meta": {
            "nf-test": "0.9.3",
            "nextflow": "25.10.0"
        },
        "timestamp": "2025-11-10T11:52:59.864265526"
    }
}