{
    "Should run without failures": {
        "content": [
            [
                "config.yaml"
            ],
            [
                "gene_name_mapping_grch37_chr21.tsv:md5,b44ef48c094b206faee684d7961b85ca"
            ],
            [
                "output"
            ],
            [
                "FRASER_results_fraser--grch37_chr21.tsv"
            ],
            [
                "versions.yml:md5,9168f99c2936476f6d4cf56158e8accf"
            ]
        ],
        "meta": {
            "nf-test": "0.9.2",
            "nextflow": "25.04.5"
        },
        "timestamp": "2025-09-17T10:01:34.279128034"
    }
}