{
    "Should run without failures": {
        "content": [
            [
                "config.yaml"
            ],
            [
                "gene_name_mapping_grch37_chr21.tsv:md5,f70b29e044d02ac3d2ae6e83221aa978"
            ],
            [
                "output"
            ],
            [
                "MAE_results_grch37_chr21.tsv"
            ],
            [
                "versions.yml:md5,33637b34396dc4e53024a92dfc20cb5a"
            ]
        ],
        "meta": {
            "nf-test": "0.9.3",
            "nextflow": "25.10.0"
        },
        "timestamp": "2025-11-10T11:55:09.034731965"
    }
}