{
    "Should run without failures": {
        "content": [
            [
                "config.yaml"
            ],
            [
                "gene_name_mapping_grch37_chr21.tsv:md5,b44ef48c094b206faee684d7961b85ca"
            ],
            [
                "OUTRIDER_results_all.Rds"
            ],
            [
                "output"
            ],
            [
                "versions.yml:md5,6e46638f15770c07821afba1f2bed8ad"
            ]
        ],
        "meta": {
            "nf-test": "0.9.3",
            "nextflow": "25.10.0"
        },
        "timestamp": "2025-11-10T11:45:01.483926231"
    }
}