{
    "gatk": {
        "content": [
            [
                "VcfFile [chromosomes=[chr21], sampleCount=1, variantCount=2502, phased=false, phasedAutodetect=false]"
            ],
            "ACC5963A1_split_rmdup_info.vcf.gz.tbi",
            "ACC5963A1_split_rmdup_info.vcf.gz.tbi",
            [
                [
                    {
                        "case": "finequagga",
                        "id": "ACC5963A1",
                        "sample": "ACC5963A1",
                        "strandedness": "reverse",
                        "sex": "NA",
                        "single_end": false,
                        "fq_pairs": 1,
                        "is_fastq": false
                    },
                    "ACC5963A1.bcftools_stats.txt:md5,5d70ab5ce31d94d911c8a991b5f1e506"
                ]
            ],
            [
                "versions.yml:md5,251a5ec53a690f3b25e1c0a34b8fdd8e",
                "versions.yml:md5,25915fe1f05a9084000d313e73c68613",
                "versions.yml:md5,4c5bc1efe43ee5d2522088d5e6547a9a",
                "versions.yml:md5,708f3dbd0db983f49cecee1c3beca6ca"
            ]
        ],
        "meta": {
            "nf-test": "0.9.2",
            "nextflow": "25.04.5"
        },
        "timestamp": "2025-09-19T11:27:39.900849138"
    },
    "bcftools": {
        "content": [
            [
                "VcfFile [chromosomes=[chr21], sampleCount=1, variantCount=805, phased=false, phasedAutodetect=false]"
            ],
            "ACC5963A1_split_rmdup_info.vcf.gz.tbi",
            "ACC5963A1_split_rmdup_info.vcf.gz.tbi",
            [
                [
                    {
                        "case": "finequagga",
                        "id": "ACC5963A1",
                        "sample": "ACC5963A1",
                        "strandedness": "reverse",
                        "sex": "NA",
                        "single_end": false,
                        "fq_pairs": 1,
                        "is_fastq": false
                    },
                    "ACC5963A1.bcftools_stats.txt:md5,4fac38122b4701307cc63f3c653f2f23"
                ]
            ],
            [
                "versions.yml:md5,25915fe1f05a9084000d313e73c68613",
                "versions.yml:md5,4c5bc1efe43ee5d2522088d5e6547a9a",
                "versions.yml:md5,708f3dbd0db983f49cecee1c3beca6ca",
                "versions.yml:md5,85d9b17a7b7d0ec0188c17865793c5e5"
            ]
        ],
        "meta": {
            "nf-test": "0.9.2",
            "nextflow": "25.04.5"
        },
        "timestamp": "2025-09-19T11:26:08.547236084"
    }
}