{
    "Should run without failures": {
        "content": [
            {
                "0": [
                    "chr22.bed:md5,87a15eb9c2ff20ccd5cd8735a28708f7"
                ],
                "1": [
                    "versions.yml:md5,4b4468e7d489cd525c0a04c2b6108f7d"
                ],
                "intervals": [
                    "chr22.bed:md5,87a15eb9c2ff20ccd5cd8735a28708f7"
                ],
                "versions": [
                    "versions.yml:md5,4b4468e7d489cd525c0a04c2b6108f7d"
                ]
            }
        ],
        "timestamp": "2026-03-22T09:55:07.690905883",
        "meta": {
            "nf-test": "0.9.5",
            "nextflow": "25.04.5"
        }
    }
}