{
    "Should run without failures": {
        "content": [
            [
                "VcfFile [chromosomes=[chr21], sampleCount=1, variantCount=2496, phased=false, phasedAutodetect=false]"
            ],
            "ACC5963A1_gatk.vcf.gz.tbi",
            [
                [
                    {
                        "case": "finequagga",
                        "id": "ACC5963A1",
                        "sample": "ACC5963A1",
                        "strandedness": "reverse",
                        "sex": "NA",
                        "single_end": false,
                        "fq_pairs": 1,
                        "is_fastq": false
                    },
                    "ACC5963A1.bcftools_stats.txt:md5,5d70ab5ce31d94d911c8a991b5f1e506"
                ]
            ],
            [
                "versions.yml:md5,98f1dfbaef43ae02274fd555db481c84",
                "versions.yml:md5,b1d7d5fa749ee25ab13ef08027db0f89",
                "versions.yml:md5,bdd1b38209d42995d968eb4e57221fd0",
                "versions.yml:md5,e578f5284bc3cfc1bd477dad382b05e7",
                "versions.yml:md5,fe58a0101a4160d15c31ae3c0efca7e4"
            ]
        ],
        "meta": {
            "nf-test": "0.9.2",
            "nextflow": "25.04.5"
        },
        "timestamp": "2025-09-19T11:29:13.706719582"
    }
}