{
    "Should run without failures": {
        "content": [
            [
                "VcfFile [chromosomes=[chr21], sampleCount=1, variantCount=2496, phased=false, phasedAutodetect=false]"
            ],
            "ACC5963A1_gatk.vcf.gz.tbi",
            [
                [
                    {
                        "case": "finequagga",
                        "id": "ACC5963A1",
                        "sample": "ACC5963A1",
                        "strandedness": "reverse",
                        "sex": "NA",
                        "single_end": false,
                        "fq_pairs": 1,
                        "is_fastq": false
                    },
                    "ACC5963A1.bcftools_stats.txt:md5,89b548a77c54f7b06ffd8c6b44ed12b6"
                ]
            ],
            [
                "versions.yml:md5,15502981716765d46e39283b9f9d8eb0",
                "versions.yml:md5,3625fcc3c1900a0db9df0dcbba7dab0e",
                "versions.yml:md5,9e668b3b575a8890ac633706fbabd0bf",
                "versions.yml:md5,ca18eaf0ba5dfed37cd58ee8368be488",
                "versions.yml:md5,fb46afad3bb4295b01a01f1915321d9c"
            ]
        ],
        "meta": {
            "nf-test": "0.9.2",
            "nextflow": "25.04.5"
        },
        "timestamp": "2025-07-29T17:01:52.50626209"
    }
}